// Jest Snapshot v1, https://goo.gl/fbAQLP

exports[`InputField renders the component 1`] = `
<TextInput
  onChange={[Function]}
  placeholder="text"
  value=""
/>
`;
